--- API DEBUG LOG ---
Chunks: 1


[Chunk 1 Response]
[
  {
    "content": "금번 현장설명회는 Off-line으로 진행예정이며, 별도의 On-line 현설은 실시하지 않을 예정입니다.",
    "sourceFile": "아산탕정자이메트로시티"
  },
  {
    "content": "금회 발주 물량은 전체 예상 물량의 약 지상 70%, 지하 90% 수준이며, 내역 확정 후 증감수량은 변경계약을 통하여 반영예정입니다.",
    "sourceFile": "아산탕정자이메트로시티"
  },
  {
    "content": "단, 기계약내역의 수량 증감분은 기계약단가를 적용합니다.",
    "sourceFile": "아산탕정자이메트로시티"
  },
  {
    "content": "공사용 용수/전력(단, 협력사사무실 전력 제외), 타워크레인, 건설용리프트, 레미콘, 철근은 지급자재입니다.",
    "sourceFile": "아산탕정자이메트로시티"
  },
  {
    "content": "설계도서 및 기술자료를 ...

[Chunk 1 Response]
[
  {
    "content": "금회 발주 물량은 전체 예상 물량의 약 지상 70% 지하 90% 수준이며, 내역 확정 후 증감수량은 변경계약을 통하여 반영예정입니다.",
    "sourceFile": "아산탕정자이메트로시티"
  },
  {
    "content": "기계약내역의 수량 증감분은 기계약단가를 적용합니다.",
    "sourceFile": "아산탕정자이메트로시티"
  },
  {
    "content": "아래의 설계도서 및 기술자료를 참조하여 견적 시 반영해야 합니다.",
    "sourceFile": "아산탕정자이메트로시티"
  },
  {
    "content": "공사 수행 및 정산의 기준은 설계도서에 따릅니다.",
    "sourceFile": "아산탕정자이메트로시티"
  },
  {
    "content": "공사 가능시간은 평일 07시~18시이며, 일요일은 작업이 불가합니다.",
    "sourceFile": "아산탕정자이메트로시티"
...

[Chunk 1 Response]
[
  {
    "content": "금회 발주 물량은 전체 예상 물량의 약 지상 70% 지하 90% 수준이며, 내역 확정 후 증감수량은 변경계약을 통하여 반영예정이다. 단, 기계약내역의 수량 증감분은 기계약단가를 적용한다.",
    "sourceFile": "아산탕정자이메트로시티"
  },
  {
    "content": "지급자재는 공사용 용수/전력 (단, 협력사사무실 전력 제외), 타워크레인, 건설용리프트, 레미콘, 철근이다.",
    "sourceFile": "아산탕정자이메트로시티"
  },
  {
    "content": "아래의 설계도서 및 기술자료를 참조하여 견적 시 반영한다.",
    "sourceFile": "아산탕정자이메트로시티"
  },
  {
    "content": "공사 수행 및 정산의 기준은 설계도서에 따른다.",
    "sourceFile": "아산탕정자이메트로시티"
  },
  {
    "content": "공사 가능시간은 평일 07시~...